// Jest Snapshot v1, https://goo.gl/fbAQLP

exports[`should render ExpenseListItem 1`] = `
<div>
  <NavLink
    activeClassName="active"
    ariaCurrent="true"
    to="/edit/2"
  >
    <h3>
      Rent
    </h3>
  </NavLink>
  <p>
    $1,095.00
    -
    December 28th, 1969
  </p>
</div>
`;
