// Jest Snapshot v1, https://goo.gl/fbAQLP

exports[`should render Header correctly 1`] = `
<header>
  <h1>
    Expensify
  </h1>
  <NavLink
    activeClassName="is-active"
    ariaCurrent="true"
    to="/create"
  >
     Go to create page 
  </NavLink>
  <NavLink
    activeClassName="is-active"
    ariaCurrent="true"
    to="/edit"
  >
     Go to edit page 
  </NavLink>
  <NavLink
    activeClassName="is-active"
    ariaCurrent="true"
    to="/help"
  >
     Go to help page 
  </NavLink>
  <NavLink
    activeClassName="is-active"
    ariaCurrent="true"
    exact={true}
    to="/"
  >
     Go to home 
  </NavLink>
</header>
`;
